
> luckygems@1.0.0 build
> vite build

[36mvite v5.4.21 [32mbuilding for production...[36m[39m
transforming...
[32mΓ£ô[39m 1910 modules transformed.
rendering chunks...
computing gzip size...
[2mdist/[22m[32mindex.html                            [39m[1m[2m  1.37 kB[22m[1m[22m[2m Γöé gzip:  0.70 kB[22m
[2mdist/[22m[35massets/index-BAj3Iltp.css             [39m[1m[2m 48.60 kB[22m[1m[22m[2m Γöé gzip:  9.32 kB[22m
[2mdist/[22m[36massets/Breadcrumbs-yUpvuULQ.js        [39m[1m[2m  0.84 kB[22m[1m[22m[2m Γöé gzip:  0.47 kB[22m
[2mdist/[22m[36massets/PricingCard-BrGodBza.js        [39m[1m[2m  2.34 kB[22m[1m[22m[2m Γöé gzip:  1.07 kB[22m
[2mdist/[22m[36massets/FAQPage-8kJDhSK_.js            [39m[1m[2m  2.93 kB[22m[1m[22m[2m Γöé gzip:  1.43 kB[22m
[2mdist/[22m[36massets/ArticleDetailPage-Y43Vaw4P.js  [39m[1m[2m  3.33 kB[22m[1m[22m[2m Γöé gzip:  1.43 kB[22m
[2mdist/[22m[36massets/ArticlesPage-CMNazREb.js       [39m[1m[2m  3.35 kB[22m[1m[22m[2m Γöé gzip:  1.51 kB[22m
[2mdist/[22m[36massets/RemediesPage-BXYlkyl0.js       [39m[1m[2m  3.49 kB[22m[1m[22m[2m Γöé gzip:  1.58 kB[22m
[2mdist/[22m[36massets/pricing-B1znTVvd.js            [39m[1m[2m  3.69 kB[22m[1m[22m[2m Γöé gzip:  1.51 kB[22m
[2mdist/[22m[36massets/ServicesPage-C-ORHKS6.js       [39m[1m[2m  4.13 kB[22m[1m[22m[2m Γöé gzip:  1.79 kB[22m
[2mdist/[22m[36massets/RemedyDetailPage-CAZuRi6j.js   [39m[1m[2m  4.96 kB[22m[1m[22m[2m Γöé gzip:  1.79 kB[22m
[2mdist/[22m[36massets/BookPage-r3yDB1EV.js           [39m[1m[2m  6.59 kB[22m[1m[22m[2m Γöé gzip:  2.71 kB[22m
[2mdist/[22m[36massets/GemstonesPage-1is2OtbQ.js      [39m[1m[2m  6.84 kB[22m[1m[22m[2m Γöé gzip:  2.57 kB[22m
[2mdist/[22m[36massets/LanguagePage-2W-wRgeZ.js       [39m[1m[2m  7.21 kB[22m[1m[22m[2m Γöé gzip:  2.53 kB[22m
[2mdist/[22m[36massets/FactsPage-BWH5V7Qw.js          [39m[1m[2m  7.22 kB[22m[1m[22m[2m Γöé gzip:  3.07 kB[22m
[2mdist/[22m[36massets/ContactPage-CfBsGzYi.js        [39m[1m[2m  8.95 kB[22m[1m[22m[2m Γöé gzip:  3.28 kB[22m
[2mdist/[22m[36massets/LocationPage-CaRGcYK5.js       [39m[1m[2m  9.04 kB[22m[1m[22m[2m Γöé gzip:  3.16 kB[22m
[2mdist/[22m[36massets/PaymentPage-DwpHgz_H.js        [39m[1m[2m 11.06 kB[22m[1m[22m[2m Γöé gzip:  3.62 kB[22m
[2mdist/[22m[36massets/BuyGemstonesPage-DZg1yosY.js   [39m[1m[2m 11.39 kB[22m[1m[22m[2m Γöé gzip:  4.21 kB[22m
[2mdist/[22m[36massets/AboutPage-BcZIk_qM.js          [39m[1m[2m 11.62 kB[22m[1m[22m[2m Γöé gzip:  3.79 kB[22m
[2mdist/[22m[36massets/ServiceDetailPage-BOBDkPCy.js  [39m[1m[2m 12.79 kB[22m[1m[22m[2m Γöé gzip:  3.39 kB[22m
[2mdist/[22m[36massets/animations-Dw-4ndjl.js         [39m[1m[2m115.26 kB[22m[1m[22m[2m Γöé gzip: 38.24 kB[22m
[2mdist/[22m[36massets/vendor-sbPhfc-D.js             [39m[1m[2m163.77 kB[22m[1m[22m[2m Γöé gzip: 53.45 kB[22m
[2mdist/[22m[36massets/index-DC8ZGluP.js              [39m[1m[2m259.28 kB[22m[1m[22m[2m Γöé gzip: 76.23 kB[22m
[32mΓ£ô built in 3.68s[39m
